mode: set
fincore/pkg/security/middleware/gateway.go:9.58,10.37 1 0
fincore/pkg/security/middleware/gateway.go:10.37,11.69 1 0
fincore/pkg/security/middleware/gateway.go:11.69,12.47 1 0
fincore/pkg/security/middleware/gateway.go:12.47,14.5 1 0
fincore/pkg/security/middleware/gateway.go:15.4,15.44 1 0
fincore/pkg/security/middleware/gateway.go:18.3,18.69 1 0
fincore/pkg/security/middleware/gateway.go:18.69,19.50 1 0
fincore/pkg/security/middleware/gateway.go:19.50,21.5 1 0
fincore/pkg/security/middleware/gateway.go:22.4,22.44 1 0
fincore/pkg/security/middleware/grpc.go:20.38,22.13 2 1
fincore/pkg/security/middleware/grpc.go:22.13,24.3 1 1
fincore/pkg/security/middleware/grpc.go:25.2,25.10 1 1
fincore/pkg/security/middleware/grpc.go:28.71,30.21 2 1
fincore/pkg/security/middleware/grpc.go:30.21,32.3 1 0
fincore/pkg/security/middleware/grpc.go:34.2,35.15 2 1
fincore/pkg/security/middleware/grpc.go:35.15,37.3 1 0
fincore/pkg/security/middleware/grpc.go:39.2,40.9 2 1
fincore/pkg/security/middleware/grpc.go:40.9,42.3 1 0
fincore/pkg/security/middleware/grpc.go:43.2,44.24 2 1
fincore/pkg/security/middleware/grpc.go:44.24,46.3 1 0
fincore/pkg/security/middleware/grpc.go:47.2,47.38 1 1
fincore/pkg/security/middleware/grpc.go:47.38,49.3 1 0
fincore/pkg/security/middleware/grpc.go:50.2,51.35 2 1
fincore/pkg/security/middleware/grpc.go:54.71,55.17 1 1
fincore/pkg/security/middleware/grpc.go:55.17,57.3 1 0
fincore/pkg/security/middleware/grpc.go:58.2,58.32 1 1
fincore/pkg/security/middleware/grpc.go:58.32,59.17 1 1
fincore/pkg/security/middleware/grpc.go:59.17,60.12 1 0
fincore/pkg/security/middleware/grpc.go:62.3,63.17 2 1
fincore/pkg/security/middleware/grpc.go:63.17,65.4 1 1
fincore/pkg/security/middleware/grpc.go:67.2,67.29 1 0
fincore/pkg/security/middleware/grpc.go:70.84,72.9 2 1
fincore/pkg/security/middleware/grpc.go:72.9,74.3 1 0
fincore/pkg/security/middleware/grpc.go:76.2,77.19 2 1
fincore/pkg/security/middleware/grpc.go:77.19,79.3 1 0
fincore/pkg/security/middleware/grpc.go:81.2,82.9 2 1
fincore/pkg/security/middleware/grpc.go:82.9,84.3 1 0
fincore/pkg/security/middleware/grpc.go:85.2,86.16 2 1
fincore/pkg/security/middleware/grpc.go:86.16,88.3 1 0
fincore/pkg/security/middleware/grpc.go:89.2,89.23 1 1
fincore/pkg/security/middleware/grpc.go:89.23,91.3 1 1
fincore/pkg/security/middleware/grpc.go:93.2,96.88 3 1
fincore/pkg/security/middleware/grpc.go:99.58,100.25 1 1
fincore/pkg/security/middleware/grpc.go:100.25,102.21 2 1
fincore/pkg/security/middleware/grpc.go:102.21,104.4 1 1
fincore/pkg/security/middleware/grpc.go:106.2,106.11 1 1
fincore/pkg/security/middleware/grpc.go:109.34,111.13 2 1
fincore/pkg/security/middleware/grpc.go:111.13,113.3 1 1
fincore/pkg/security/middleware/grpc.go:114.2,116.26 3 1
fincore/pkg/security/middleware/grpc.go:116.26,118.14 2 1
fincore/pkg/security/middleware/grpc.go:118.14,119.12 1 0
fincore/pkg/security/middleware/grpc.go:121.3,121.23 1 1
fincore/pkg/security/middleware/grpc.go:123.2,123.19 1 1
fincore/pkg/security/middleware/grpc.go:123.19,125.3 1 0
fincore/pkg/security/middleware/grpc.go:126.2,126.12 1 1
fincore/pkg/security/middleware/grpc.go:129.124,130.112 1 1
fincore/pkg/security/middleware/grpc.go:130.112,133.50 3 1
fincore/pkg/security/middleware/grpc.go:133.50,134.50 1 1
fincore/pkg/security/middleware/grpc.go:134.50,137.10 3 1
fincore/pkg/security/middleware/grpc.go:140.3,140.20 1 1
fincore/pkg/security/middleware/grpc.go:140.20,142.4 1 1
fincore/pkg/security/middleware/grpc.go:144.3,145.10 2 1
fincore/pkg/security/middleware/grpc.go:145.10,147.4 1 1
fincore/pkg/security/middleware/grpc.go:149.3,150.21 2 1
fincore/pkg/security/middleware/grpc.go:150.21,152.4 1 1
fincore/pkg/security/middleware/grpc.go:154.3,155.21 2 1
fincore/pkg/security/middleware/grpc.go:155.21,157.51 1 1
fincore/pkg/security/middleware/grpc.go:157.51,159.5 1 1
fincore/pkg/security/middleware/grpc.go:159.10,161.5 1 1
fincore/pkg/security/middleware/grpc.go:162.9,165.37 3 1
fincore/pkg/security/middleware/grpc.go:165.37,167.5 1 1
fincore/pkg/security/middleware/grpc.go:168.4,169.17 2 1
fincore/pkg/security/middleware/grpc.go:169.17,171.5 1 0
fincore/pkg/security/middleware/grpc.go:173.4,174.18 2 1
fincore/pkg/security/middleware/grpc.go:174.18,175.75 1 1
fincore/pkg/security/middleware/grpc.go:175.75,177.6 1 1
fincore/pkg/security/middleware/grpc.go:178.5,178.69 1 0
fincore/pkg/security/middleware/grpc.go:180.4,180.15 1 1
fincore/pkg/security/middleware/grpc.go:183.3,183.25 1 1
fincore/pkg/security/middleware/grpc.go:183.25,185.42 2 1
fincore/pkg/security/middleware/grpc.go:185.42,186.26 1 1
fincore/pkg/security/middleware/grpc.go:186.26,188.11 2 1
fincore/pkg/security/middleware/grpc.go:191.4,191.16 1 1
fincore/pkg/security/middleware/grpc.go:191.16,193.5 1 1
fincore/pkg/security/middleware/grpc.go:196.3,196.27 1 1
fincore/pkg/security/base64url.go:7.36,9.2 1 1
fincore/pkg/security/base64url.go:11.45,13.2 1 1
fincore/pkg/security/ed25519_jwt.go:11.136,13.92 2 1
fincore/pkg/security/ed25519_jwt.go:13.92,14.45 1 1
fincore/pkg/security/ed25519_jwt.go:14.45,16.4 1 0
fincore/pkg/security/ed25519_jwt.go:17.3,19.17 3 1
fincore/pkg/security/ed25519_jwt.go:19.17,21.4 1 1
fincore/pkg/security/ed25519_jwt.go:22.3,22.18 1 1
fincore/pkg/security/ed25519_jwt.go:24.2,24.16 1 1
fincore/pkg/security/ed25519_jwt.go:24.16,25.42 1 1
fincore/pkg/security/ed25519_jwt.go:25.42,27.4 1 1
fincore/pkg/security/ed25519_jwt.go:28.3,28.30 1 1
fincore/pkg/security/ed25519_jwt.go:31.2,32.21 2 1
fincore/pkg/security/ed25519_jwt.go:32.21,34.3 1 0
fincore/pkg/security/ed25519_jwt.go:35.2,35.26 1 1
fincore/pkg/security/ed25519_jwt.go:35.26,37.3 1 0
fincore/pkg/security/ed25519_jwt.go:38.2,38.55 1 1
fincore/pkg/security/ed25519_jwt.go:38.55,40.3 1 0
fincore/pkg/security/ed25519_jwt.go:42.2,48.8 1 1
fincore/pkg/security/ed25519_keys.go:8.76,9.13 1 0
fincore/pkg/security/ed25519_keys.go:9.13,11.3 1 0
fincore/pkg/security/ed25519_keys.go:12.2,13.16 2 0
fincore/pkg/security/ed25519_keys.go:13.16,15.3 1 0
fincore/pkg/security/ed25519_keys.go:16.2,16.38 1 0
fincore/pkg/security/ed25519_keys.go:16.38,18.3 1 0
fincore/pkg/security/ed25519_keys.go:19.2,19.35 1 0
fincore/pkg/security/ed25519_keys.go:22.71,23.15 1 1
fincore/pkg/security/ed25519_keys.go:23.15,25.3 1 0
fincore/pkg/security/ed25519_keys.go:26.2,26.39 1 1
fincore/pkg/security/ed25519_keys.go:26.39,28.3 1 0
fincore/pkg/security/ed25519_keys.go:29.2,36.8 1 1
fincore/pkg/security/jwks.go:38.85,39.19 1 1
fincore/pkg/security/jwks.go:39.19,41.3 1 0
fincore/pkg/security/jwks.go:42.2,42.19 1 1
fincore/pkg/security/jwks.go:42.19,44.3 1 0
fincore/pkg/security/jwks.go:45.2,49.8 1 1
fincore/pkg/security/jwks.go:52.66,54.2 1 0
fincore/pkg/security/jwks.go:56.73,58.2 1 1
fincore/pkg/security/jwks.go:60.94,61.15 1 1
fincore/pkg/security/jwks.go:61.15,63.3 1 0
fincore/pkg/security/jwks.go:65.2,68.11 4 1
fincore/pkg/security/jwks.go:68.11,69.40 1 1
fincore/pkg/security/jwks.go:69.40,71.42 1 1
fincore/pkg/security/jwks.go:71.42,73.5 1 0
fincore/pkg/security/jwks.go:74.4,74.19 1 1
fincore/pkg/security/jwks.go:78.2,78.40 1 1
fincore/pkg/security/jwks.go:78.40,80.3 1 1
fincore/pkg/security/jwks.go:81.2,81.29 1 1
fincore/pkg/security/jwks.go:84.75,87.25 3 1
fincore/pkg/security/jwks.go:87.25,89.3 1 1
fincore/pkg/security/jwks.go:90.2,91.14 2 1
fincore/pkg/security/jwks.go:94.59,98.11 4 1
fincore/pkg/security/jwks.go:98.11,100.3 1 0
fincore/pkg/security/jwks.go:102.2,103.16 2 1
fincore/pkg/security/jwks.go:103.16,105.3 1 0
fincore/pkg/security/jwks.go:106.2,107.16 2 1
fincore/pkg/security/jwks.go:107.16,109.3 1 0
fincore/pkg/security/jwks.go:110.2,111.38 2 1
fincore/pkg/security/jwks.go:111.38,113.3 1 0
fincore/pkg/security/jwks.go:115.2,117.42 3 1
fincore/pkg/security/jwks.go:117.42,119.3 1 0
fincore/pkg/security/jwks.go:121.2,122.30 2 1
fincore/pkg/security/jwks.go:122.30,123.71 1 1
fincore/pkg/security/jwks.go:123.71,124.12 1 0
fincore/pkg/security/jwks.go:126.3,127.17 2 1
fincore/pkg/security/jwks.go:127.17,128.12 1 0
fincore/pkg/security/jwks.go:130.3,130.40 1 1
fincore/pkg/security/jwks.go:130.40,131.12 1 0
fincore/pkg/security/jwks.go:133.3,133.39 1 1
fincore/pkg/security/jwks.go:135.2,135.20 1 1
fincore/pkg/security/jwks.go:135.20,137.3 1 1
fincore/pkg/security/jwks.go:139.2,144.12 6 1
fincore/pkg/security/password_argon2id.go:22.52,23.39 1 1
fincore/pkg/security/password_argon2id.go:23.39,25.3 1 1
fincore/pkg/security/password_argon2id.go:27.2,28.43 2 1
fincore/pkg/security/password_argon2id.go:28.43,30.3 1 0
fincore/pkg/security/password_argon2id.go:32.2,38.21 5 1
fincore/pkg/security/password_argon2id.go:41.72,42.39 1 1
fincore/pkg/security/password_argon2id.go:42.39,44.3 1 1
fincore/pkg/security/password_argon2id.go:45.2,45.42 1 1
fincore/pkg/security/password_argon2id.go:45.42,47.3 1 1
fincore/pkg/security/password_argon2id.go:49.2,50.16 2 1
fincore/pkg/security/password_argon2id.go:50.16,52.3 1 0
fincore/pkg/security/password_argon2id.go:54.2,55.63 2 1
fincore/pkg/security/password_argon2id.go:55.63,57.3 1 1
fincore/pkg/security/password_argon2id.go:58.2,58.19 1 1
fincore/pkg/security/password_argon2id.go:67.80,70.21 2 1
fincore/pkg/security/password_argon2id.go:70.21,72.3 1 1
fincore/pkg/security/password_argon2id.go:73.2,73.28 1 1
fincore/pkg/security/password_argon2id.go:73.28,75.3 1 1
fincore/pkg/security/password_argon2id.go:77.2,78.66 2 1
fincore/pkg/security/password_argon2id.go:78.66,80.3 1 0
fincore/pkg/security/password_argon2id.go:81.2,81.31 1 1
fincore/pkg/security/password_argon2id.go:81.31,83.3 1 1
fincore/pkg/security/password_argon2id.go:85.2,87.92 3 1
fincore/pkg/security/password_argon2id.go:87.92,89.3 1 1
fincore/pkg/security/password_argon2id.go:91.2,92.16 2 1
fincore/pkg/security/password_argon2id.go:92.16,94.3 1 1
fincore/pkg/security/password_argon2id.go:95.2,96.16 2 1
fincore/pkg/security/password_argon2id.go:96.16,98.3 1 1
fincore/pkg/security/password_argon2id.go:99.2,99.20 1 1
fincore/pkg/security/password_argon2id.go:99.20,101.3 1 1
fincore/pkg/security/password_argon2id.go:103.2,103.86 1 1
fincore/pkg/security/refresh_token.go:9.44,13.2 3 0
fincore/pkg/security/spiffe_mtls.go:16.31,20.2 3 1
fincore/pkg/security/spiffe_mtls.go:22.37,23.76 1 1
fincore/pkg/security/spiffe_mtls.go:23.76,25.3 1 1
fincore/pkg/security/spiffe_mtls.go:26.2,26.47 1 1
fincore/pkg/security/spiffe_mtls.go:29.56,31.13 2 1
fincore/pkg/security/spiffe_mtls.go:31.13,33.3 1 1
fincore/pkg/security/spiffe_mtls.go:34.2,34.42 1 1
fincore/pkg/security/spiffe_mtls.go:37.71,39.15 2 1
fincore/pkg/security/spiffe_mtls.go:39.15,41.3 1 1
fincore/pkg/security/spiffe_mtls.go:43.2,45.26 3 1
fincore/pkg/security/spiffe_mtls.go:45.26,47.14 2 1
fincore/pkg/security/spiffe_mtls.go:47.14,48.12 1 1
fincore/pkg/security/spiffe_mtls.go:50.3,51.17 2 1
fincore/pkg/security/spiffe_mtls.go:51.17,53.4 1 1
fincore/pkg/security/spiffe_mtls.go:54.3,54.24 1 1
fincore/pkg/security/spiffe_mtls.go:56.2,56.19 1 1
fincore/pkg/security/spiffe_mtls.go:56.19,58.3 1 1
fincore/pkg/security/spiffe_mtls.go:59.2,59.23 1 1
fincore/pkg/security/spiffe_mtls.go:62.61,63.93 1 1
fincore/pkg/security/spiffe_mtls.go:63.93,65.3 1 0
fincore/pkg/security/spiffe_mtls.go:65.8,65.15 1 1
fincore/pkg/security/spiffe_mtls.go:65.15,67.3 1 1
fincore/pkg/security/spiffe_mtls.go:69.2,70.16 2 1
fincore/pkg/security/spiffe_mtls.go:70.16,72.3 1 1
fincore/pkg/security/spiffe_mtls.go:73.2,73.54 1 0
fincore/pkg/security/spiffe_mtls.go:76.61,77.93 1 1
fincore/pkg/security/spiffe_mtls.go:77.93,79.3 1 0
fincore/pkg/security/spiffe_mtls.go:79.8,79.15 1 1
fincore/pkg/security/spiffe_mtls.go:79.15,81.3 1 1
fincore/pkg/security/spiffe_mtls.go:83.2,84.16 2 1
fincore/pkg/security/spiffe_mtls.go:84.16,86.3 1 1
fincore/pkg/security/spiffe_mtls.go:87.2,87.54 1 0
fincore/pkg/security/spiffe_mtls.go:90.108,91.26 1 0
fincore/pkg/security/spiffe_mtls.go:91.26,92.22 1 0
fincore/pkg/security/spiffe_mtls.go:92.23,92.24 0 0
fincore/pkg/security/spiffe_mtls.go:95.2,96.16 2 0
fincore/pkg/security/spiffe_mtls.go:96.16,97.22 1 0
fincore/pkg/security/spiffe_mtls.go:97.23,97.24 0 0
fincore/pkg/security/spiffe_mtls.go:100.2,101.16 2 0
fincore/pkg/security/spiffe_mtls.go:101.16,103.22 2 0
fincore/pkg/security/spiffe_mtls.go:103.23,103.24 0 0
fincore/pkg/security/spiffe_mtls.go:105.2,109.23 4 0
fincore/pkg/security/spiffe_mtls.go:109.23,109.41 1 0
fincore/pkg/security/spiffe_mtls.go:112.108,113.26 1 0
fincore/pkg/security/spiffe_mtls.go:113.26,114.22 1 0
fincore/pkg/security/spiffe_mtls.go:114.23,114.24 0 0
fincore/pkg/security/spiffe_mtls.go:117.2,118.16 2 0
fincore/pkg/security/spiffe_mtls.go:118.16,119.22 1 0
fincore/pkg/security/spiffe_mtls.go:119.23,119.24 0 0
fincore/pkg/security/spiffe_mtls.go:122.2,123.16 2 0
fincore/pkg/security/spiffe_mtls.go:123.16,125.22 2 0
fincore/pkg/security/spiffe_mtls.go:125.23,125.24 0 0
fincore/pkg/security/spiffe_mtls.go:127.2,131.23 4 0
fincore/pkg/security/spiffe_mtls.go:131.23,131.41 1 0
fincore/pkg/security/token.go:41.88,42.15 1 1
fincore/pkg/security/token.go:42.15,44.3 1 0
fincore/pkg/security/token.go:45.2,45.41 1 1
fincore/pkg/security/token.go:45.41,47.3 1 0
fincore/pkg/security/token.go:48.2,48.52 1 1
fincore/pkg/security/token.go:51.81,65.2 4 1
fincore/pkg/security/token.go:67.83,69.99 2 1
fincore/pkg/security/token.go:69.99,70.23 1 1
fincore/pkg/security/token.go:70.23,72.4 1 0
fincore/pkg/security/token.go:73.3,73.18 1 1
fincore/services/auth-service/infrastructure/grpc/cleanup.go:8.145,12.16 3 1
fincore/services/auth-service/infrastructure/grpc/cleanup.go:12.16,14.3 1 0
fincore/services/auth-service/infrastructure/grpc/cleanup.go:16.2,17.26 2 1
fincore/services/auth-service/infrastructure/grpc/cleanup.go:17.26,20.17 3 1
fincore/services/auth-service/infrastructure/grpc/cleanup.go:20.17,22.4 1 0
fincore/services/auth-service/infrastructure/grpc/cleanup.go:23.3,23.33 1 1
fincore/services/auth-service/infrastructure/grpc/cleanup.go:26.2,26.43 1 1
fincore/services/auth-service/infrastructure/grpc/login_limiter.go:22.98,23.22 1 1
fincore/services/auth-service/infrastructure/grpc/login_limiter.go:23.22,25.3 1 0
fincore/services/auth-service/infrastructure/grpc/login_limiter.go:26.2,26.17 1 1
fincore/services/auth-service/infrastructure/grpc/login_limiter.go:26.17,28.3 1 0
fincore/services/auth-service/infrastructure/grpc/login_limiter.go:29.2,29.17 1 1
fincore/services/auth-service/infrastructure/grpc/login_limiter.go:29.17,31.3 1 0
fincore/services/auth-service/infrastructure/grpc/login_limiter.go:32.2,32.120 1 1
fincore/services/auth-service/infrastructure/grpc/login_limiter.go:35.95,40.14 4 1
fincore/services/auth-service/infrastructure/grpc/login_limiter.go:40.14,43.3 2 1
fincore/services/auth-service/infrastructure/grpc/login_limiter.go:44.2,46.58 2 1
fincore/services/auth-service/infrastructure/grpc/login_limiter.go:46.58,48.3 1 1
fincore/services/auth-service/infrastructure/grpc/login_limiter.go:50.2,52.28 3 1
fincore/services/auth-service/infrastructure/grpc/login_limiter.go:52.28,53.22 1 1
fincore/services/auth-service/infrastructure/grpc/login_limiter.go:53.22,55.4 1 1
fincore/services/auth-service/infrastructure/grpc/login_limiter.go:57.2,59.35 2 1
fincore/services/auth-service/infrastructure/grpc/login_limiter.go:59.35,60.20 1 0
fincore/services/auth-service/infrastructure/grpc/login_limiter.go:60.20,63.4 2 0
fincore/services/auth-service/infrastructure/grpc/login_limiter.go:64.3,64.28 1 0
fincore/services/auth-service/infrastructure/grpc/login_limiter.go:67.2,67.26 1 1
fincore/services/auth-service/infrastructure/grpc/login_limiter.go:70.61,75.14 4 1
fincore/services/auth-service/infrastructure/grpc/login_limiter.go:75.14,78.3 2 1
fincore/services/auth-service/infrastructure/grpc/login_limiter.go:79.2,83.28 4 1
fincore/services/auth-service/infrastructure/grpc/login_limiter.go:83.28,84.22 1 1
fincore/services/auth-service/infrastructure/grpc/login_limiter.go:84.22,86.4 1 1
fincore/services/auth-service/infrastructure/grpc/login_limiter.go:88.2,90.52 2 1
fincore/services/auth-service/infrastructure/grpc/login_limiter.go:90.52,92.3 1 1
fincore/services/auth-service/infrastructure/grpc/login_limiter.go:95.46,99.2 3 1
fincore/services/auth-service/infrastructure/grpc/server.go:28.36,28.87 1 1
fincore/services/auth-service/infrastructure/grpc/server.go:29.36,29.87 1 1
fincore/services/auth-service/infrastructure/grpc/server.go:30.36,30.88 1 1
fincore/services/auth-service/infrastructure/grpc/server.go:31.36,31.80 1 1
fincore/services/auth-service/infrastructure/grpc/server.go:32.36,32.89 1 1
fincore/services/auth-service/infrastructure/grpc/server.go:34.52,37.2 2 1
fincore/services/auth-service/infrastructure/grpc/server.go:39.32,41.2 1 1
fincore/services/auth-service/infrastructure/grpc/server.go:43.32,44.16 1 1
fincore/services/auth-service/infrastructure/grpc/server.go:44.16,46.3 1 1
fincore/services/auth-service/infrastructure/grpc/server.go:47.2,47.50 1 1
fincore/services/auth-service/infrastructure/grpc/server.go:50.76,52.53 2 1
fincore/services/auth-service/infrastructure/grpc/server.go:52.53,54.21 2 1
fincore/services/auth-service/infrastructure/grpc/server.go:54.21,56.4 1 0
fincore/services/auth-service/infrastructure/grpc/server.go:57.3,57.20 1 1
fincore/services/auth-service/infrastructure/grpc/server.go:57.20,60.36 3 1
fincore/services/auth-service/infrastructure/grpc/server.go:60.36,62.5 1 1
fincore/services/auth-service/infrastructure/grpc/server.go:65.2,65.23 1 1
fincore/services/auth-service/infrastructure/grpc/server.go:65.23,67.3 1 0
fincore/services/auth-service/infrastructure/grpc/server.go:68.2,69.16 2 1
fincore/services/auth-service/infrastructure/grpc/server.go:69.16,70.91 1 0
fincore/services/auth-service/infrastructure/grpc/server.go:70.91,72.4 1 0
fincore/services/auth-service/infrastructure/grpc/server.go:73.3,73.27 1 0
fincore/services/auth-service/infrastructure/grpc/server.go:75.2,76.18 2 1
fincore/services/auth-service/infrastructure/grpc/server.go:76.18,78.3 1 0
fincore/services/auth-service/infrastructure/grpc/server.go:79.2,79.28 1 1
fincore/services/auth-service/infrastructure/grpc/server.go:82.93,84.9 2 1
fincore/services/auth-service/infrastructure/grpc/server.go:84.9,86.3 1 1
fincore/services/auth-service/infrastructure/grpc/server.go:87.2,88.20 2 1
fincore/services/auth-service/infrastructure/grpc/server.go:88.20,90.3 1 0
fincore/services/auth-service/infrastructure/grpc/server.go:91.2,91.20 1 1
fincore/services/auth-service/infrastructure/grpc/server.go:91.20,93.3 1 0
fincore/services/auth-service/infrastructure/grpc/server.go:94.2,96.35 3 1
fincore/services/auth-service/infrastructure/grpc/server.go:96.35,98.3 1 0
fincore/services/auth-service/infrastructure/grpc/server.go:99.2,100.16 2 1
fincore/services/auth-service/infrastructure/grpc/server.go:100.16,102.3 1 0
fincore/services/auth-service/infrastructure/grpc/server.go:103.2,104.21 2 1
fincore/services/auth-service/infrastructure/grpc/server.go:104.21,106.3 1 0
fincore/services/auth-service/infrastructure/grpc/server.go:107.2,107.33 1 1
fincore/services/auth-service/infrastructure/grpc/server.go:110.42,111.12 1 1
fincore/services/auth-service/infrastructure/grpc/server.go:111.12,113.3 1 0
fincore/services/auth-service/infrastructure/grpc/server.go:114.2,115.40 2 1
fincore/services/auth-service/infrastructure/grpc/server.go:115.40,117.3 1 0
fincore/services/auth-service/infrastructure/grpc/server.go:118.2,118.53 1 1
fincore/services/auth-service/infrastructure/grpc/server.go:121.40,124.2 2 1
fincore/services/auth-service/infrastructure/grpc/server.go:126.52,128.13 2 1
fincore/services/auth-service/infrastructure/grpc/server.go:128.13,130.3 1 0
fincore/services/auth-service/infrastructure/grpc/server.go:131.2,131.42 1 1
fincore/services/auth-service/infrastructure/grpc/server.go:131.42,133.3 1 0
fincore/services/auth-service/infrastructure/grpc/server.go:134.2,134.15 1 1
fincore/services/auth-service/infrastructure/grpc/server.go:137.41,139.17 2 1
fincore/services/auth-service/infrastructure/grpc/server.go:139.17,141.3 1 0
fincore/services/auth-service/infrastructure/grpc/server.go:142.2,145.26 4 1
fincore/services/auth-service/infrastructure/grpc/server.go:145.26,147.14 2 1
fincore/services/auth-service/infrastructure/grpc/server.go:147.14,148.12 1 0
fincore/services/auth-service/infrastructure/grpc/server.go:150.3,150.27 1 1
fincore/services/auth-service/infrastructure/grpc/server.go:150.27,151.12 1 0
fincore/services/auth-service/infrastructure/grpc/server.go:153.3,154.23 2 1
fincore/services/auth-service/infrastructure/grpc/server.go:156.2,156.12 1 1
fincore/services/auth-service/infrastructure/grpc/server.go:159.100,161.20 2 1
fincore/services/auth-service/infrastructure/grpc/server.go:161.20,163.3 1 0
fincore/services/auth-service/infrastructure/grpc/server.go:165.2,168.16 3 1
fincore/services/auth-service/infrastructure/grpc/server.go:168.16,169.36 1 1
fincore/services/auth-service/infrastructure/grpc/server.go:169.36,171.4 1 1
fincore/services/auth-service/infrastructure/grpc/server.go:172.3,172.44 1 0
fincore/services/auth-service/infrastructure/grpc/server.go:174.2,174.17 1 1
fincore/services/auth-service/infrastructure/grpc/server.go:177.138,178.77 1 1
fincore/services/auth-service/infrastructure/grpc/server.go:178.77,180.3 1 0
fincore/services/auth-service/infrastructure/grpc/server.go:181.2,182.16 2 1
fincore/services/auth-service/infrastructure/grpc/server.go:182.16,184.3 1 0
fincore/services/auth-service/infrastructure/grpc/server.go:185.2,186.16 2 1
fincore/services/auth-service/infrastructure/grpc/server.go:186.16,188.3 1 0
fincore/services/auth-service/infrastructure/grpc/server.go:189.2,189.32 1 1
fincore/services/auth-service/infrastructure/grpc/server.go:189.32,191.3 1 0
fincore/services/auth-service/infrastructure/grpc/server.go:192.2,194.37 3 1
fincore/services/auth-service/infrastructure/grpc/server.go:194.37,196.14 2 1
fincore/services/auth-service/infrastructure/grpc/server.go:196.14,197.12 1 0
fincore/services/auth-service/infrastructure/grpc/server.go:199.3,200.51 2 1
fincore/services/auth-service/infrastructure/grpc/server.go:200.51,202.4 1 0
fincore/services/auth-service/infrastructure/grpc/server.go:203.3,203.42 1 1
fincore/services/auth-service/infrastructure/grpc/server.go:203.42,205.4 1 1
fincore/services/auth-service/infrastructure/grpc/server.go:206.3,206.36 1 1
fincore/services/auth-service/infrastructure/grpc/server.go:206.36,207.12 1 1
fincore/services/auth-service/infrastructure/grpc/server.go:209.3,210.35 2 1
fincore/services/auth-service/infrastructure/grpc/server.go:212.2,212.25 1 1
fincore/services/auth-service/infrastructure/grpc/server.go:212.25,214.3 1 0
fincore/services/auth-service/infrastructure/grpc/server.go:215.2,216.38 2 1
fincore/services/auth-service/infrastructure/grpc/server.go:216.38,218.14 2 0
fincore/services/auth-service/infrastructure/grpc/server.go:218.14,219.12 1 0
fincore/services/auth-service/infrastructure/grpc/server.go:221.3,221.43 1 0
fincore/services/auth-service/infrastructure/grpc/server.go:224.2,227.26 4 1
fincore/services/auth-service/infrastructure/grpc/server.go:227.26,229.17 2 0
fincore/services/auth-service/infrastructure/grpc/server.go:229.17,231.4 1 0
fincore/services/auth-service/infrastructure/grpc/server.go:232.3,233.17 2 0
fincore/services/auth-service/infrastructure/grpc/server.go:233.17,235.4 1 0
fincore/services/auth-service/infrastructure/grpc/server.go:236.3,236.18 1 0
fincore/services/auth-service/infrastructure/grpc/server.go:239.2,240.23 2 1
fincore/services/auth-service/infrastructure/grpc/server.go:240.23,242.3 1 0
fincore/services/auth-service/infrastructure/grpc/server.go:243.2,244.16 2 1
fincore/services/auth-service/infrastructure/grpc/server.go:244.16,246.3 1 0
fincore/services/auth-service/infrastructure/grpc/server.go:248.2,251.24 2 1
fincore/services/auth-service/infrastructure/grpc/server.go:251.24,253.3 1 0
fincore/services/auth-service/infrastructure/grpc/server.go:254.2,254.17 1 1
fincore/services/auth-service/infrastructure/grpc/server.go:257.129,258.77 1 0
fincore/services/auth-service/infrastructure/grpc/server.go:258.77,260.3 1 0
fincore/services/auth-service/infrastructure/grpc/server.go:261.2,262.16 2 0
fincore/services/auth-service/infrastructure/grpc/server.go:262.16,264.3 1 0
fincore/services/auth-service/infrastructure/grpc/server.go:265.2,265.189 1 0
fincore/services/auth-service/infrastructure/grpc/server.go:268.133,269.77 1 0
fincore/services/auth-service/infrastructure/grpc/server.go:269.77,271.3 1 0
fincore/services/auth-service/infrastructure/grpc/server.go:272.2,273.16 2 0
fincore/services/auth-service/infrastructure/grpc/server.go:273.16,275.3 1 0
fincore/services/auth-service/infrastructure/grpc/server.go:276.2,279.18 3 0
fincore/services/auth-service/infrastructure/grpc/server.go:279.18,283.74 4 0
fincore/services/auth-service/infrastructure/grpc/server.go:283.74,285.4 1 0
fincore/services/auth-service/infrastructure/grpc/server.go:286.3,286.126 1 0
fincore/services/auth-service/infrastructure/grpc/server.go:288.2,288.35 1 0
fincore/services/auth-service/infrastructure/grpc/server.go:288.35,290.3 1 0
fincore/services/auth-service/infrastructure/grpc/server.go:291.2,291.60 1 0
fincore/services/auth-service/infrastructure/grpc/server.go:294.138,295.77 1 1
fincore/services/auth-service/infrastructure/grpc/server.go:295.77,297.3 1 0
fincore/services/auth-service/infrastructure/grpc/server.go:298.2,299.20 2 1
fincore/services/auth-service/infrastructure/grpc/server.go:299.20,301.3 1 0
fincore/services/auth-service/infrastructure/grpc/server.go:302.2,303.16 2 1
fincore/services/auth-service/infrastructure/grpc/server.go:303.16,305.3 1 0
fincore/services/auth-service/infrastructure/grpc/server.go:306.2,306.29 1 1
fincore/services/auth-service/infrastructure/grpc/server.go:306.29,308.3 1 1
fincore/services/auth-service/infrastructure/grpc/server.go:309.2,309.62 1 0
fincore/services/auth-service/infrastructure/grpc/server.go:312.156,313.77 1 0
fincore/services/auth-service/infrastructure/grpc/server.go:313.77,315.3 1 0
fincore/services/auth-service/infrastructure/grpc/server.go:316.2,317.16 2 0
fincore/services/auth-service/infrastructure/grpc/server.go:317.16,319.3 1 0
fincore/services/auth-service/infrastructure/grpc/server.go:320.2,320.32 1 0
fincore/services/auth-service/infrastructure/grpc/server.go:320.32,322.3 1 0
fincore/services/auth-service/infrastructure/grpc/server.go:323.2,324.16 2 0
fincore/services/auth-service/infrastructure/grpc/server.go:324.16,326.3 1 0
fincore/services/auth-service/infrastructure/grpc/server.go:327.2,328.16 2 0
fincore/services/auth-service/infrastructure/grpc/server.go:328.16,330.3 1 0
fincore/services/auth-service/infrastructure/grpc/server.go:331.2,332.16 2 0
fincore/services/auth-service/infrastructure/grpc/server.go:332.16,334.3 1 0
fincore/services/auth-service/infrastructure/grpc/server.go:335.2,335.75 1 0
fincore/services/auth-service/infrastructure/grpc/server.go:338.132,341.36 3 0
fincore/services/auth-service/infrastructure/grpc/server.go:341.36,343.3 1 0
fincore/services/auth-service/infrastructure/grpc/server.go:345.2,347.16 3 0
fincore/services/auth-service/infrastructure/grpc/server.go:347.16,348.36 1 0
fincore/services/auth-service/infrastructure/grpc/server.go:348.36,350.4 1 0
fincore/services/auth-service/infrastructure/grpc/server.go:351.3,351.28 1 0
fincore/services/auth-service/infrastructure/grpc/server.go:353.2,353.61 1 0
fincore/services/auth-service/infrastructure/grpc/server.go:356.138,359.36 3 1
fincore/services/auth-service/infrastructure/grpc/server.go:359.36,361.3 1 0
fincore/services/auth-service/infrastructure/grpc/server.go:363.2,364.16 2 1
fincore/services/auth-service/infrastructure/grpc/server.go:364.16,366.3 1 0
fincore/services/auth-service/infrastructure/grpc/server.go:367.2,367.15 1 1
fincore/services/auth-service/infrastructure/grpc/server.go:367.15,367.39 1 1
fincore/services/auth-service/infrastructure/grpc/server.go:369.2,371.50 3 1
fincore/services/auth-service/infrastructure/grpc/server.go:371.50,373.3 1 0
fincore/services/auth-service/infrastructure/grpc/server.go:375.2,383.16 3 1
fincore/services/auth-service/infrastructure/grpc/server.go:383.16,385.3 1 0
fincore/services/auth-service/infrastructure/grpc/server.go:387.2,387.13 1 1
fincore/services/auth-service/infrastructure/grpc/server.go:387.13,389.17 2 1
fincore/services/auth-service/infrastructure/grpc/server.go:389.17,391.4 1 0
fincore/services/auth-service/infrastructure/grpc/server.go:394.2,394.39 1 1
fincore/services/auth-service/infrastructure/grpc/server.go:394.39,396.3 1 0
fincore/services/auth-service/infrastructure/grpc/server.go:398.2,398.62 1 1
fincore/services/auth-service/infrastructure/grpc/server.go:401.156,404.36 3 1
fincore/services/auth-service/infrastructure/grpc/server.go:404.36,406.3 1 0
fincore/services/auth-service/infrastructure/grpc/server.go:408.2,409.16 2 1
fincore/services/auth-service/infrastructure/grpc/server.go:409.16,411.3 1 1
fincore/services/auth-service/infrastructure/grpc/server.go:412.2,412.17 1 1
fincore/services/auth-service/infrastructure/grpc/server.go:412.17,414.3 1 0
fincore/services/auth-service/infrastructure/grpc/server.go:416.2,423.16 2 1
fincore/services/auth-service/infrastructure/grpc/server.go:423.16,425.3 1 0
fincore/services/auth-service/infrastructure/grpc/server.go:426.2,429.18 3 1
fincore/services/auth-service/infrastructure/grpc/server.go:429.18,432.56 3 1
fincore/services/auth-service/infrastructure/grpc/server.go:432.56,434.4 1 0
fincore/services/auth-service/infrastructure/grpc/server.go:435.3,435.117 1 1
fincore/services/auth-service/infrastructure/grpc/server.go:437.2,437.35 1 1
fincore/services/auth-service/infrastructure/grpc/server.go:437.35,439.3 1 0
fincore/services/auth-service/infrastructure/grpc/server.go:441.2,441.71 1 1
fincore/services/auth-service/infrastructure/grpc/server.go:444.51,445.32 1 1
fincore/services/auth-service/infrastructure/grpc/server.go:445.32,447.3 1 0
fincore/services/auth-service/infrastructure/grpc/server.go:448.2,449.22 2 1
fincore/services/auth-service/infrastructure/grpc/server.go:449.22,451.14 2 1
fincore/services/auth-service/infrastructure/grpc/server.go:451.14,452.12 1 0
fincore/services/auth-service/infrastructure/grpc/server.go:454.3,454.12 1 1
fincore/services/auth-service/infrastructure/grpc/server.go:456.2,456.22 1 1
fincore/services/auth-service/infrastructure/grpc/server.go:456.22,458.14 2 1
fincore/services/auth-service/infrastructure/grpc/server.go:458.14,459.12 1 0
fincore/services/auth-service/infrastructure/grpc/server.go:461.3,461.12 1 1
fincore/services/auth-service/infrastructure/grpc/server.go:463.2,463.25 1 1
fincore/services/auth-service/infrastructure/grpc/server.go:463.25,464.13 1 1
fincore/services/auth-service/infrastructure/grpc/server.go:464.13,466.4 1 1
fincore/services/auth-service/infrastructure/grpc/server.go:468.2,468.13 1 1
fincore/services/auth-service/infrastructure/grpc/server.go:471.129,472.51 1 1
fincore/services/auth-service/infrastructure/grpc/server.go:472.51,474.3 1 0
fincore/services/auth-service/infrastructure/grpc/server.go:475.2,477.20 3 1
fincore/services/auth-service/infrastructure/grpc/server.go:477.20,479.3 1 0
fincore/services/auth-service/infrastructure/grpc/server.go:480.2,480.23 1 1
fincore/services/auth-service/infrastructure/grpc/server.go:480.23,482.3 1 0
fincore/services/auth-service/infrastructure/grpc/server.go:483.2,484.16 2 1
fincore/services/auth-service/infrastructure/grpc/server.go:484.16,486.3 1 0
fincore/services/auth-service/infrastructure/grpc/server.go:487.2,487.47 1 1
fincore/services/auth-service/infrastructure/grpc/server.go:487.47,489.3 1 1
fincore/services/auth-service/infrastructure/grpc/server.go:491.2,492.16 2 1
fincore/services/auth-service/infrastructure/grpc/server.go:492.16,493.73 1 0
fincore/services/auth-service/infrastructure/grpc/server.go:493.73,495.4 1 0
fincore/services/auth-service/infrastructure/grpc/server.go:496.3,496.18 1 0
fincore/services/auth-service/infrastructure/grpc/server.go:498.2,499.37 2 1
fincore/services/auth-service/infrastructure/grpc/server.go:499.37,500.23 1 1
fincore/services/auth-service/infrastructure/grpc/server.go:500.23,502.9 2 1
fincore/services/auth-service/infrastructure/grpc/server.go:505.2,505.22 1 1
fincore/services/auth-service/infrastructure/grpc/server.go:505.22,507.3 1 0
fincore/services/auth-service/infrastructure/grpc/server.go:509.2,510.33 2 1
fincore/services/auth-service/infrastructure/grpc/server.go:510.33,512.39 2 1
fincore/services/auth-service/infrastructure/grpc/server.go:512.39,514.15 2 1
fincore/services/auth-service/infrastructure/grpc/server.go:514.15,515.13 1 0
fincore/services/auth-service/infrastructure/grpc/server.go:517.4,517.27 1 1
fincore/services/auth-service/infrastructure/grpc/server.go:519.3,519.37 1 1
fincore/services/auth-service/infrastructure/grpc/server.go:519.37,520.32 1 1
fincore/services/auth-service/infrastructure/grpc/server.go:520.32,522.5 1 1
fincore/services/auth-service/infrastructure/grpc/server.go:526.2,528.21 3 1
fincore/services/auth-service/infrastructure/grpc/server.go:528.21,530.3 1 0
fincore/services/auth-service/infrastructure/grpc/server.go:531.2,531.39 1 1
fincore/services/auth-service/infrastructure/grpc/server.go:531.39,533.3 1 0
fincore/services/auth-service/infrastructure/grpc/server.go:535.2,536.16 2 1
fincore/services/auth-service/infrastructure/grpc/server.go:536.16,538.3 1 0
fincore/services/auth-service/infrastructure/grpc/server.go:540.2,541.16 2 1
fincore/services/auth-service/infrastructure/grpc/server.go:541.16,543.3 1 0
fincore/services/auth-service/infrastructure/grpc/server.go:544.2,549.16 4 1
fincore/services/auth-service/infrastructure/grpc/server.go:549.16,551.3 1 0
fincore/services/auth-service/infrastructure/grpc/server.go:553.2,555.40 3 1
fincore/services/auth-service/infrastructure/grpc/server.go:555.40,557.3 1 1
fincore/services/auth-service/infrastructure/grpc/server.go:558.2,560.124 2 1
fincore/services/auth-service/infrastructure/grpc/server.go:563.117,564.62 1 1
fincore/services/auth-service/infrastructure/grpc/server.go:564.62,566.3 1 0
fincore/services/auth-service/infrastructure/grpc/server.go:567.2,568.20 2 1
fincore/services/auth-service/infrastructure/grpc/server.go:568.20,569.49 1 1
fincore/services/auth-service/infrastructure/grpc/server.go:569.49,571.49 2 1
fincore/services/auth-service/infrastructure/grpc/server.go:571.49,573.5 1 1
fincore/services/auth-service/infrastructure/grpc/server.go:576.2,576.20 1 1
fincore/services/auth-service/infrastructure/grpc/server.go:576.20,578.3 1 0
fincore/services/auth-service/infrastructure/grpc/server.go:579.2,580.16 2 1
fincore/services/auth-service/infrastructure/grpc/server.go:580.16,582.3 1 0
fincore/services/auth-service/infrastructure/grpc/server.go:583.2,584.23 2 1
fincore/services/auth-service/infrastructure/grpc/server.go:584.23,586.3 1 0
fincore/services/auth-service/infrastructure/grpc/server.go:587.2,588.16 2 1
fincore/services/auth-service/infrastructure/grpc/server.go:588.16,590.3 1 0
fincore/services/auth-service/infrastructure/grpc/server.go:591.2,591.47 1 1
fincore/services/auth-service/infrastructure/grpc/server.go:591.47,593.3 1 0
fincore/services/auth-service/infrastructure/grpc/server.go:594.2,595.20 2 1
fincore/services/auth-service/infrastructure/grpc/server.go:595.20,597.3 1 0
fincore/services/auth-service/infrastructure/grpc/server.go:599.2,600.16 2 1
fincore/services/auth-service/infrastructure/grpc/server.go:600.16,601.73 1 1
fincore/services/auth-service/infrastructure/grpc/server.go:601.73,603.4 1 1
fincore/services/auth-service/infrastructure/grpc/server.go:604.3,604.18 1 0
fincore/services/auth-service/infrastructure/grpc/server.go:606.2,606.32 1 1
fincore/services/auth-service/infrastructure/grpc/server.go:606.32,607.28 1 1
fincore/services/auth-service/infrastructure/grpc/server.go:607.28,609.4 1 0
fincore/services/auth-service/infrastructure/grpc/server.go:610.3,611.16 2 1
fincore/services/auth-service/infrastructure/grpc/server.go:611.16,612.50 1 1
fincore/services/auth-service/infrastructure/grpc/server.go:612.50,613.69 1 1
fincore/services/auth-service/infrastructure/grpc/server.go:613.69,615.6 1 0
fincore/services/auth-service/infrastructure/grpc/server.go:616.5,616.31 1 1
fincore/services/auth-service/infrastructure/grpc/server.go:619.3,619.16 1 1
fincore/services/auth-service/infrastructure/grpc/server.go:619.16,621.4 1 1
fincore/services/auth-service/infrastructure/grpc/server.go:622.3,623.17 2 1
fincore/services/auth-service/infrastructure/grpc/server.go:623.17,625.4 1 0
fincore/services/auth-service/infrastructure/grpc/server.go:626.3,626.10 1 1
fincore/services/auth-service/infrastructure/grpc/server.go:626.10,628.4 1 0
fincore/services/auth-service/infrastructure/grpc/server.go:631.2,634.16 3 1
fincore/services/auth-service/infrastructure/grpc/server.go:634.16,636.3 1 0
fincore/services/auth-service/infrastructure/grpc/server.go:637.2,637.15 1 1
fincore/services/auth-service/infrastructure/grpc/server.go:637.15,637.39 1 1
fincore/services/auth-service/infrastructure/grpc/server.go:639.2,647.120 9 1
fincore/services/auth-service/infrastructure/grpc/server.go:647.120,648.36 1 1
fincore/services/auth-service/infrastructure/grpc/server.go:648.36,650.4 1 1
fincore/services/auth-service/infrastructure/grpc/server.go:651.3,651.28 1 0
fincore/services/auth-service/infrastructure/grpc/server.go:654.2,655.23 2 1
fincore/services/auth-service/infrastructure/grpc/server.go:655.23,657.3 1 1
fincore/services/auth-service/infrastructure/grpc/server.go:658.2,658.32 1 1
fincore/services/auth-service/infrastructure/grpc/server.go:658.32,660.3 1 0
fincore/services/auth-service/infrastructure/grpc/server.go:661.2,661.35 1 1
fincore/services/auth-service/infrastructure/grpc/server.go:661.35,663.3 1 0
fincore/services/auth-service/infrastructure/grpc/server.go:664.2,664.58 1 1
fincore/services/auth-service/infrastructure/grpc/server.go:664.58,666.3 1 0
fincore/services/auth-service/infrastructure/grpc/server.go:667.2,669.52 3 1
fincore/services/auth-service/infrastructure/grpc/server.go:669.52,671.3 1 0
fincore/services/auth-service/infrastructure/grpc/server.go:673.2,674.16 2 1
fincore/services/auth-service/infrastructure/grpc/server.go:674.16,676.3 1 0
fincore/services/auth-service/infrastructure/grpc/server.go:678.2,679.16 2 1
fincore/services/auth-service/infrastructure/grpc/server.go:679.16,681.3 1 0
fincore/services/auth-service/infrastructure/grpc/server.go:682.2,685.16 4 1
fincore/services/auth-service/infrastructure/grpc/server.go:685.16,687.3 1 0
fincore/services/auth-service/infrastructure/grpc/server.go:689.2,690.16 2 1
fincore/services/auth-service/infrastructure/grpc/server.go:690.16,692.3 1 0
fincore/services/auth-service/infrastructure/grpc/server.go:693.2,697.16 5 1
fincore/services/auth-service/infrastructure/grpc/server.go:697.16,699.3 1 0
fincore/services/auth-service/infrastructure/grpc/server.go:701.2,701.39 1 1
fincore/services/auth-service/infrastructure/grpc/server.go:701.39,703.3 1 0
fincore/services/auth-service/infrastructure/grpc/server.go:705.2,706.146 2 1
fincore/services/auth-service/infrastructure/grpc/server.go:709.51,711.13 2 1
fincore/services/auth-service/infrastructure/grpc/server.go:711.13,713.3 1 1
fincore/services/auth-service/infrastructure/grpc/server.go:714.2,714.48 1 1
fincore/services/auth-service/infrastructure/grpc/server.go:714.48,716.3 1 1
fincore/services/auth-service/infrastructure/grpc/server.go:717.2,717.15 1 1
fincore/services/auth-service/infrastructure/grpc/server.go:745.110,747.2 1 1
fincore/services/auth-service/infrastructure/grpc/server.go:749.188,751.2 1 1
fincore/services/auth-service/infrastructure/grpc/server.go:753.111,755.16 2 1
fincore/services/auth-service/infrastructure/grpc/server.go:755.16,757.3 1 1
fincore/services/auth-service/infrastructure/grpc/server.go:758.2,759.20 2 1
fincore/services/auth-service/infrastructure/grpc/server.go:759.20,761.3 1 0
fincore/services/auth-service/infrastructure/grpc/server.go:762.2,762.23 1 1
fincore/services/auth-service/infrastructure/grpc/server.go:762.23,764.3 1 1
fincore/services/auth-service/infrastructure/grpc/server.go:765.2,765.43 1 1
fincore/services/auth-service/infrastructure/grpc/server.go:765.43,767.3 1 1
fincore/services/auth-service/infrastructure/grpc/server.go:769.2,770.16 2 1
fincore/services/auth-service/infrastructure/grpc/server.go:770.16,772.3 1 0
fincore/services/auth-service/infrastructure/grpc/server.go:774.2,777.16 3 1
fincore/services/auth-service/infrastructure/grpc/server.go:777.16,779.3 1 0
fincore/services/auth-service/infrastructure/grpc/server.go:780.2,780.15 1 1
fincore/services/auth-service/infrastructure/grpc/server.go:780.15,782.3 1 1
fincore/services/auth-service/infrastructure/grpc/server.go:784.2,785.16 2 1
fincore/services/auth-service/infrastructure/grpc/server.go:785.16,787.3 1 0
fincore/services/auth-service/infrastructure/grpc/server.go:788.2,789.16 2 1
fincore/services/auth-service/infrastructure/grpc/server.go:789.16,791.3 1 0
fincore/services/auth-service/infrastructure/grpc/server.go:792.2,792.39 1 1
fincore/services/auth-service/infrastructure/grpc/server.go:792.39,794.3 1 0
fincore/services/auth-service/infrastructure/grpc/server.go:795.2,795.50 1 1
fincore/services/auth-service/infrastructure/grpc/server.go:798.102,800.16 2 1
fincore/services/auth-service/infrastructure/grpc/server.go:800.16,802.3 1 1
fincore/services/auth-service/infrastructure/grpc/server.go:803.2,804.20 2 1
fincore/services/auth-service/infrastructure/grpc/server.go:804.20,806.3 1 1
fincore/services/auth-service/infrastructure/grpc/server.go:807.2,808.22 2 1
fincore/services/auth-service/infrastructure/grpc/server.go:808.22,811.15 3 0
fincore/services/auth-service/infrastructure/grpc/server.go:811.15,813.4 1 0
fincore/services/auth-service/infrastructure/grpc/server.go:816.2,819.16 4 1
fincore/services/auth-service/infrastructure/grpc/server.go:819.16,820.36 1 0
fincore/services/auth-service/infrastructure/grpc/server.go:820.36,821.24 1 0
fincore/services/auth-service/infrastructure/grpc/server.go:821.24,824.5 2 0
fincore/services/auth-service/infrastructure/grpc/server.go:825.4,825.45 1 0
fincore/services/auth-service/infrastructure/grpc/server.go:827.3,827.28 1 0
fincore/services/auth-service/infrastructure/grpc/server.go:830.2,831.16 2 1
fincore/services/auth-service/infrastructure/grpc/server.go:831.16,833.3 1 0
fincore/services/auth-service/infrastructure/grpc/server.go:834.2,834.9 1 1
fincore/services/auth-service/infrastructure/grpc/server.go:834.9,835.23 1 0
fincore/services/auth-service/infrastructure/grpc/server.go:835.23,838.4 2 0
fincore/services/auth-service/infrastructure/grpc/server.go:839.3,839.44 1 0
fincore/services/auth-service/infrastructure/grpc/server.go:841.2,841.22 1 1
fincore/services/auth-service/infrastructure/grpc/server.go:841.22,844.3 2 0
fincore/services/auth-service/infrastructure/grpc/server.go:846.2,847.16 2 1
fincore/services/auth-service/infrastructure/grpc/server.go:847.16,849.3 1 0
fincore/services/auth-service/infrastructure/grpc/server.go:851.2,860.16 4 1
fincore/services/auth-service/infrastructure/grpc/server.go:860.16,862.3 1 0
fincore/services/auth-service/infrastructure/grpc/server.go:864.2,865.16 2 1
fincore/services/auth-service/infrastructure/grpc/server.go:865.16,867.3 1 0
fincore/services/auth-service/infrastructure/grpc/server.go:868.2,875.16 5 1
fincore/services/auth-service/infrastructure/grpc/server.go:875.16,877.3 1 0
fincore/services/auth-service/infrastructure/grpc/server.go:879.2,883.8 1 1
fincore/services/auth-service/infrastructure/grpc/server.go:886.105,894.16 2 1
fincore/services/auth-service/infrastructure/grpc/server.go:894.16,896.3 1 0
fincore/services/auth-service/infrastructure/grpc/server.go:897.2,900.18 3 1
fincore/services/auth-service/infrastructure/grpc/server.go:900.18,902.42 2 1
fincore/services/auth-service/infrastructure/grpc/server.go:902.42,904.4 1 0
fincore/services/auth-service/infrastructure/grpc/server.go:905.3,905.30 1 1
fincore/services/auth-service/infrastructure/grpc/server.go:907.2,907.35 1 1
fincore/services/auth-service/infrastructure/grpc/server.go:907.35,909.3 1 0
fincore/services/auth-service/infrastructure/grpc/server.go:911.2,919.16 2 1
fincore/services/auth-service/infrastructure/grpc/server.go:919.16,921.3 1 0
fincore/services/auth-service/infrastructure/grpc/server.go:922.2,925.22 3 1
fincore/services/auth-service/infrastructure/grpc/server.go:925.22,927.46 2 1
fincore/services/auth-service/infrastructure/grpc/server.go:927.46,929.4 1 0
fincore/services/auth-service/infrastructure/grpc/server.go:930.3,930.30 1 1
fincore/services/auth-service/infrastructure/grpc/server.go:932.2,932.39 1 1
fincore/services/auth-service/infrastructure/grpc/server.go:932.39,934.3 1 0
fincore/services/auth-service/infrastructure/grpc/server.go:936.2,936.21 1 1
fincore/services/auth-service/infrastructure/grpc/server.go:936.21,938.3 1 0
fincore/services/auth-service/infrastructure/grpc/server.go:940.2,940.26 1 1
fincore/services/auth-service/infrastructure/grpc/server.go:943.126,944.46 1 1
fincore/services/auth-service/infrastructure/grpc/server.go:944.46,946.3 1 1
fincore/services/auth-service/infrastructure/grpc/server.go:947.2,948.16 2 1
fincore/services/auth-service/infrastructure/grpc/server.go:948.16,949.91 1 1
fincore/services/auth-service/infrastructure/grpc/server.go:949.91,951.4 1 1
fincore/services/auth-service/infrastructure/grpc/server.go:952.3,952.28 1 1
fincore/services/auth-service/infrastructure/grpc/server.go:954.2,958.8 1 1
fincore/services/auth-service/infrastructure/grpc/server.go:961.114,962.77 1 1
fincore/services/auth-service/infrastructure/grpc/server.go:962.77,964.3 1 1
fincore/services/auth-service/infrastructure/grpc/server.go:965.2,967.18 3 1
fincore/services/auth-service/infrastructure/grpc/server.go:967.18,969.3 1 0
fincore/services/auth-service/infrastructure/grpc/server.go:970.2,970.20 1 1
fincore/services/auth-service/infrastructure/grpc/server.go:970.20,972.3 1 0
fincore/services/auth-service/infrastructure/grpc/server.go:974.2,976.16 3 1
fincore/services/auth-service/infrastructure/grpc/server.go:976.16,977.36 1 0
fincore/services/auth-service/infrastructure/grpc/server.go:977.36,979.4 1 0
fincore/services/auth-service/infrastructure/grpc/server.go:980.3,980.28 1 0
fincore/services/auth-service/infrastructure/grpc/server.go:983.2,984.16 2 1
fincore/services/auth-service/infrastructure/grpc/server.go:984.16,986.3 1 0
fincore/services/auth-service/infrastructure/grpc/server.go:987.2,987.54 1 1
fincore/services/auth-service/infrastructure/grpc/server.go:990.117,991.77 1 1
fincore/services/auth-service/infrastructure/grpc/server.go:991.77,993.3 1 1
fincore/services/auth-service/infrastructure/grpc/server.go:994.2,996.18 3 1
fincore/services/auth-service/infrastructure/grpc/server.go:996.18,998.3 1 0
fincore/services/auth-service/infrastructure/grpc/server.go:999.2,999.20 1 1
fincore/services/auth-service/infrastructure/grpc/server.go:999.20,1001.3 1 0
fincore/services/auth-service/infrastructure/grpc/server.go:1003.2,1005.16 3 1
fincore/services/auth-service/infrastructure/grpc/server.go:1005.16,1006.36 1 0
fincore/services/auth-service/infrastructure/grpc/server.go:1006.36,1008.4 1 0
fincore/services/auth-service/infrastructure/grpc/server.go:1009.3,1009.28 1 0
fincore/services/auth-service/infrastructure/grpc/server.go:1012.2,1013.16 2 1
fincore/services/auth-service/infrastructure/grpc/server.go:1013.16,1015.3 1 0
fincore/services/auth-service/infrastructure/grpc/server.go:1016.2,1016.55 1 1
fincore/services/auth-service/infrastructure/grpc/server.go:1019.126,1020.77 1 1
fincore/services/auth-service/infrastructure/grpc/server.go:1020.77,1022.3 1 1
fincore/services/auth-service/infrastructure/grpc/server.go:1023.2,1024.18 2 1
fincore/services/auth-service/infrastructure/grpc/server.go:1024.18,1026.3 1 0
fincore/services/auth-service/infrastructure/grpc/server.go:1028.2,1035.16 2 1
fincore/services/auth-service/infrastructure/grpc/server.go:1035.16,1037.3 1 0
fincore/services/auth-service/infrastructure/grpc/server.go:1038.2,1041.18 3 1
fincore/services/auth-service/infrastructure/grpc/server.go:1041.18,1043.42 2 1
fincore/services/auth-service/infrastructure/grpc/server.go:1043.42,1045.4 1 0
fincore/services/auth-service/infrastructure/grpc/server.go:1046.3,1046.30 1 1
fincore/services/auth-service/infrastructure/grpc/server.go:1048.2,1048.35 1 1
fincore/services/auth-service/infrastructure/grpc/server.go:1048.35,1050.3 1 0
fincore/services/auth-service/infrastructure/grpc/server.go:1052.2,1052.57 1 1
fincore/services/auth-service/infrastructure/grpc/server.go:1055.123,1057.24 2 1
fincore/services/auth-service/infrastructure/grpc/server.go:1057.24,1059.3 1 1
fincore/services/auth-service/infrastructure/grpc/server.go:1060.2,1063.16 3 1
fincore/services/auth-service/infrastructure/grpc/server.go:1063.16,1065.3 1 0
fincore/services/auth-service/infrastructure/grpc/server.go:1066.2,1066.15 1 1
fincore/services/auth-service/infrastructure/grpc/server.go:1066.15,1068.3 1 1
fincore/services/auth-service/infrastructure/grpc/server.go:1070.2,1081.16 8 1
fincore/services/auth-service/infrastructure/grpc/server.go:1081.16,1082.36 1 0
fincore/services/auth-service/infrastructure/grpc/server.go:1082.36,1084.4 1 0
fincore/services/auth-service/infrastructure/grpc/server.go:1085.3,1085.28 1 0
fincore/services/auth-service/infrastructure/grpc/server.go:1088.2,1089.43 2 1
fincore/services/auth-service/infrastructure/grpc/server.go:1089.43,1093.3 3 1
fincore/services/auth-service/infrastructure/grpc/server.go:1094.2,1094.32 1 1
fincore/services/auth-service/infrastructure/grpc/server.go:1094.32,1097.3 2 0
fincore/services/auth-service/infrastructure/grpc/server.go:1098.2,1098.35 1 1
fincore/services/auth-service/infrastructure/grpc/server.go:1098.35,1101.3 2 0
fincore/services/auth-service/infrastructure/grpc/server.go:1103.2,1104.16 2 1
fincore/services/auth-service/infrastructure/grpc/server.go:1104.16,1106.3 1 0
fincore/services/auth-service/infrastructure/grpc/server.go:1107.2,1109.45 3 1
fincore/services/auth-service/infrastructure/grpc/server.go:1109.45,1111.3 1 1
fincore/services/auth-service/infrastructure/grpc/server.go:1112.2,1123.16 3 1
fincore/services/auth-service/infrastructure/grpc/server.go:1123.16,1125.3 1 0
fincore/services/auth-service/infrastructure/grpc/server.go:1126.2,1130.16 2 1
fincore/services/auth-service/infrastructure/grpc/server.go:1130.16,1132.3 1 0
fincore/services/auth-service/infrastructure/grpc/server.go:1134.2,1134.39 1 1
fincore/services/auth-service/infrastructure/grpc/server.go:1134.39,1136.3 1 0
fincore/services/auth-service/infrastructure/grpc/server.go:1138.2,1139.16 2 1
fincore/services/auth-service/infrastructure/grpc/server.go:1139.16,1141.3 1 0
fincore/services/auth-service/infrastructure/grpc/server.go:1143.2,1152.16 4 1
fincore/services/auth-service/infrastructure/grpc/server.go:1152.16,1154.3 1 0
fincore/services/auth-service/infrastructure/grpc/server.go:1156.2,1160.8 1 1
fincore/services/auth-service/infrastructure/grpc/server.go:1163.105,1165.24 2 1
fincore/services/auth-service/infrastructure/grpc/server.go:1165.24,1167.3 1 1
fincore/services/auth-service/infrastructure/grpc/server.go:1168.2,1170.16 3 1
fincore/services/auth-service/infrastructure/grpc/server.go:1170.16,1172.3 1 1
fincore/services/auth-service/infrastructure/grpc/server.go:1173.2,1173.51 1 1
fincore/services/auth-service/infrastructure/grpc/server.go:1176.114,1178.23 2 1
fincore/services/auth-service/infrastructure/grpc/server.go:1178.23,1179.54 1 1
fincore/services/auth-service/infrastructure/grpc/server.go:1179.54,1181.22 2 1
fincore/services/auth-service/infrastructure/grpc/server.go:1181.22,1183.5 1 0
fincore/services/auth-service/infrastructure/grpc/server.go:1184.4,1184.21 1 1
fincore/services/auth-service/infrastructure/grpc/server.go:1184.21,1187.41 3 1
fincore/services/auth-service/infrastructure/grpc/server.go:1187.41,1189.6 1 1
fincore/services/auth-service/infrastructure/grpc/server.go:1193.2,1193.23 1 1
fincore/services/auth-service/infrastructure/grpc/server.go:1193.23,1195.3 1 1
fincore/services/auth-service/infrastructure/grpc/server.go:1196.2,1197.16 2 1
fincore/services/auth-service/infrastructure/grpc/server.go:1197.16,1198.91 1 0
fincore/services/auth-service/infrastructure/grpc/server.go:1198.91,1200.4 1 0
fincore/services/auth-service/infrastructure/grpc/server.go:1201.3,1201.28 1 0
fincore/services/auth-service/infrastructure/grpc/server.go:1203.2,1204.18 2 1
fincore/services/auth-service/infrastructure/grpc/server.go:1204.18,1206.3 1 1
fincore/services/auth-service/infrastructure/grpc/server.go:1208.2,1209.16 2 1
fincore/services/auth-service/infrastructure/grpc/server.go:1209.16,1211.3 1 1
fincore/services/auth-service/infrastructure/grpc/server.go:1213.2,1213.91 1 1
fincore/services/auth-service/infrastructure/grpc/server.go:1216.94,1218.53 2 1
fincore/services/auth-service/infrastructure/grpc/server.go:1218.53,1220.21 2 1
fincore/services/auth-service/infrastructure/grpc/server.go:1220.21,1222.4 1 0
fincore/services/auth-service/infrastructure/grpc/server.go:1223.3,1223.20 1 1
fincore/services/auth-service/infrastructure/grpc/server.go:1223.20,1226.40 3 1
fincore/services/auth-service/infrastructure/grpc/server.go:1226.40,1228.5 1 1
fincore/services/auth-service/infrastructure/grpc/server.go:1231.2,1231.23 1 1
fincore/services/auth-service/infrastructure/grpc/server.go:1231.23,1233.3 1 1
fincore/services/auth-service/infrastructure/grpc/server.go:1234.2,1235.16 2 1
fincore/services/auth-service/infrastructure/grpc/server.go:1235.16,1236.91 1 1
fincore/services/auth-service/infrastructure/grpc/server.go:1236.91,1238.4 1 1
fincore/services/auth-service/infrastructure/grpc/server.go:1239.3,1239.23 1 0
fincore/services/auth-service/infrastructure/grpc/server.go:1241.2,1241.40 1 1
fincore/services/auth-service/infrastructure/grpc/server.go:1241.40,1242.20 1 1
fincore/services/auth-service/infrastructure/grpc/server.go:1242.20,1244.4 1 1
fincore/services/auth-service/infrastructure/grpc/server.go:1246.2,1246.31 1 1
fincore/services/auth-service/infrastructure/grpc/server.go:1249.79,1251.9 2 1
fincore/services/auth-service/infrastructure/grpc/server.go:1251.9,1253.3 1 1
fincore/services/auth-service/infrastructure/grpc/server.go:1254.2,1255.17 2 1
fincore/services/auth-service/infrastructure/grpc/server.go:1255.17,1257.3 1 1
fincore/services/auth-service/infrastructure/grpc/server.go:1258.2,1259.18 2 1
fincore/services/auth-service/infrastructure/grpc/server.go:1259.18,1261.21 2 1
fincore/services/auth-service/infrastructure/grpc/server.go:1261.21,1263.4 1 1
fincore/services/auth-service/infrastructure/grpc/server.go:1265.2,1265.22 1 1
fincore/services/auth-service/infrastructure/grpc/server.go:1268.32,1269.32 1 1
fincore/services/auth-service/infrastructure/grpc/server.go:1269.32,1271.3 1 1
fincore/services/auth-service/infrastructure/grpc/server.go:1272.2,1272.10 1 1
fincore/services/auth-service/infrastructure/grpc/server.go:1275.40,1277.40 2 1
fincore/services/auth-service/infrastructure/grpc/server.go:1277.40,1279.3 1 0
fincore/services/auth-service/infrastructure/grpc/server.go:1280.2,1280.53 1 1
